Archive member included to satisfy reference by file (symbol)

D:/STM32_Cube/STM32CubeIDE_1.15.1/STM32CubeIDE/plugins/com.st.stm32cube.ide.mcu.externaltools.gnu-tools-for-stm32.12.3.rel1.win32_1.0.100.202403111256/tools/bin/../lib/gcc/arm-none-eabi/12.3.1/../../../../arm-none-eabi/lib/thumb/v7-m/nofp\libc_nano.a(libc_a-exit.o)
                              D:/STM32_Cube/STM32CubeIDE_1.15.1/STM32CubeIDE/plugins/com.st.stm32cube.ide.mcu.externaltools.gnu-tools-for-stm32.12.3.rel1.win32_1.0.100.202403111256/tools/bin/../lib/gcc/arm-none-eabi/12.3.1/../../../../arm-none-eabi/lib/thumb/v7-m/nofp/crt0.o (exit)
D:/STM32_Cube/STM32CubeIDE_1.15.1/STM32CubeIDE/plugins/com.st.stm32cube.ide.mcu.externaltools.gnu-tools-for-stm32.12.3.rel1.win32_1.0.100.202403111256/tools/bin/../lib/gcc/arm-none-eabi/12.3.1/../../../../arm-none-eabi/lib/thumb/v7-m/nofp\libc_nano.a(libc_a-findfp.o)
                              D:/STM32_Cube/STM32CubeIDE_1.15.1/STM32CubeIDE/plugins/com.st.stm32cube.ide.mcu.externaltools.gnu-tools-for-stm32.12.3.rel1.win32_1.0.100.202403111256/tools/bin/../lib/gcc/arm-none-eabi/12.3.1/../../../../arm-none-eabi/lib/thumb/v7-m/nofp\libc_nano.a(libc_a-exit.o) (__stdio_exit_handler)
D:/STM32_Cube/STM32CubeIDE_1.15.1/STM32CubeIDE/plugins/com.st.stm32cube.ide.mcu.externaltools.gnu-tools-for-stm32.12.3.rel1.win32_1.0.100.202403111256/tools/bin/../lib/gcc/arm-none-eabi/12.3.1/../../../../arm-none-eabi/lib/thumb/v7-m/nofp\libc_nano.a(libc_a-fwalk.o)
                              D:/STM32_Cube/STM32CubeIDE_1.15.1/STM32CubeIDE/plugins/com.st.stm32cube.ide.mcu.externaltools.gnu-tools-for-stm32.12.3.rel1.win32_1.0.100.202403111256/tools/bin/../lib/gcc/arm-none-eabi/12.3.1/../../../../arm-none-eabi/lib/thumb/v7-m/nofp\libc_nano.a(libc_a-findfp.o) (_fwalk_sglue)
D:/STM32_Cube/STM32CubeIDE_1.15.1/STM32CubeIDE/plugins/com.st.stm32cube.ide.mcu.externaltools.gnu-tools-for-stm32.12.3.rel1.win32_1.0.100.202403111256/tools/bin/../lib/gcc/arm-none-eabi/12.3.1/../../../../arm-none-eabi/lib/thumb/v7-m/nofp\libc_nano.a(libc_a-stdio.o)
                              D:/STM32_Cube/STM32CubeIDE_1.15.1/STM32CubeIDE/plugins/com.st.stm32cube.ide.mcu.externaltools.gnu-tools-for-stm32.12.3.rel1.win32_1.0.100.202403111256/tools/bin/../lib/gcc/arm-none-eabi/12.3.1/../../../../arm-none-eabi/lib/thumb/v7-m/nofp\libc_nano.a(libc_a-findfp.o) (__sread)
D:/STM32_Cube/STM32CubeIDE_1.15.1/STM32CubeIDE/plugins/com.st.stm32cube.ide.mcu.externaltools.gnu-tools-for-stm32.12.3.rel1.win32_1.0.100.202403111256/tools/bin/../lib/gcc/arm-none-eabi/12.3.1/../../../../arm-none-eabi/lib/thumb/v7-m/nofp\libc_nano.a(libc_a-memset.o)
                              D:/STM32_Cube/STM32CubeIDE_1.15.1/STM32CubeIDE/plugins/com.st.stm32cube.ide.mcu.externaltools.gnu-tools-for-stm32.12.3.rel1.win32_1.0.100.202403111256/tools/bin/../lib/gcc/arm-none-eabi/12.3.1/../../../../arm-none-eabi/lib/thumb/v7-m/nofp/crt0.o (memset)
D:/STM32_Cube/STM32CubeIDE_1.15.1/STM32CubeIDE/plugins/com.st.stm32cube.ide.mcu.externaltools.gnu-tools-for-stm32.12.3.rel1.win32_1.0.100.202403111256/tools/bin/../lib/gcc/arm-none-eabi/12.3.1/../../../../arm-none-eabi/lib/thumb/v7-m/nofp\libc_nano.a(libc_a-closer.o)
                              D:/STM32_Cube/STM32CubeIDE_1.15.1/STM32CubeIDE/plugins/com.st.stm32cube.ide.mcu.externaltools.gnu-tools-for-stm32.12.3.rel1.win32_1.0.100.202403111256/tools/bin/../lib/gcc/arm-none-eabi/12.3.1/../../../../arm-none-eabi/lib/thumb/v7-m/nofp\libc_nano.a(libc_a-stdio.o) (_close_r)
D:/STM32_Cube/STM32CubeIDE_1.15.1/STM32CubeIDE/plugins/com.st.stm32cube.ide.mcu.externaltools.gnu-tools-for-stm32.12.3.rel1.win32_1.0.100.202403111256/tools/bin/../lib/gcc/arm-none-eabi/12.3.1/../../../../arm-none-eabi/lib/thumb/v7-m/nofp\libc_nano.a(libc_a-reent.o)
                              D:/STM32_Cube/STM32CubeIDE_1.15.1/STM32CubeIDE/plugins/com.st.stm32cube.ide.mcu.externaltools.gnu-tools-for-stm32.12.3.rel1.win32_1.0.100.202403111256/tools/bin/../lib/gcc/arm-none-eabi/12.3.1/../../../../arm-none-eabi/lib/thumb/v7-m/nofp\libc_nano.a(libc_a-closer.o) (errno)
D:/STM32_Cube/STM32CubeIDE_1.15.1/STM32CubeIDE/plugins/com.st.stm32cube.ide.mcu.externaltools.gnu-tools-for-stm32.12.3.rel1.win32_1.0.100.202403111256/tools/bin/../lib/gcc/arm-none-eabi/12.3.1/../../../../arm-none-eabi/lib/thumb/v7-m/nofp\libc_nano.a(libc_a-impure.o)
                              D:/STM32_Cube/STM32CubeIDE_1.15.1/STM32CubeIDE/plugins/com.st.stm32cube.ide.mcu.externaltools.gnu-tools-for-stm32.12.3.rel1.win32_1.0.100.202403111256/tools/bin/../lib/gcc/arm-none-eabi/12.3.1/../../../../arm-none-eabi/lib/thumb/v7-m/nofp\libc_nano.a(libc_a-reent.o) (_impure_ptr)
D:/STM32_Cube/STM32CubeIDE_1.15.1/STM32CubeIDE/plugins/com.st.stm32cube.ide.mcu.externaltools.gnu-tools-for-stm32.12.3.rel1.win32_1.0.100.202403111256/tools/bin/../lib/gcc/arm-none-eabi/12.3.1/../../../../arm-none-eabi/lib/thumb/v7-m/nofp\libc_nano.a(libc_a-lseekr.o)
[...]
Memory Configuration

Name             Origin             Length             Attributes
RAM              0x20000000         0x00005000         xrw
FLASH            0x08000000         0x00010000         xr
*default*        0x00000000         0xffffffff

Linker script and memory map

LOAD D:/STM32_Cube/STM32CubeIDE_1.15.1/STM32CubeIDE/plugins/com.st.stm32cube.ide.mcu.externaltools.gnu-tools-for-stm32.12.3.rel1.win32_1.0.100.202403111256/tools/bin/../lib/gcc/arm-none-eabi/12.3.1/thumb/v7-m/nofp/crti.o
LOAD D:/STM32_Cube/STM32CubeIDE_1.15.1/STM32CubeIDE/plugins/com.st.stm32cube.ide.mcu.externaltools.gnu-tools-for-stm32.12.3.rel1.win32_1.0.100.202403111256/tools/bin/../lib/gcc/arm-none-eabi/12.3.1/thumb/v7-m/nofp/crtbegin.o
LOAD D:/STM32_Cube/STM32CubeIDE_1.15.1/STM32CubeIDE/plugins/com.st.stm32cube.ide.mcu.externaltools.gnu-tools-for-stm32.12.3.rel1.win32_1.0.100.202403111256/tools/bin/../lib/gcc/arm-none-eabi/12.3.1/../../../../arm-none-eabi/lib/thumb/v7-m/nofp/crt0.o
LOAD ./Core/Src/command_parser.o
LOAD ./Core/Src/gobal.o
LOAD ./Core/Src/main.o
LOAD ./Core/Src/stm32f1xx_hal_msp.o
LOAD ./Core/Src/stm32f1xx_it.o
LOAD ./Core/Src/syscalls.o
LOAD ./Core/Src/sysmem.o
LOAD ./Core/Src/system_stm32f1xx.o
LOAD ./Core/Src/timer.o
LOAD ./Core/Src/uart_communiation.o
LOAD ./Core/Startup/startup_stm32f103c8tx.o
LOAD ./Drivers/STM32F1xx_HAL_Driver/Src/stm32f1xx_hal.o
LOAD ./Drivers/STM32F1xx_HAL_Driver/Src/stm32f1xx_hal_adc.o
LOAD ./Drivers/STM32F1xx_HAL_Driver/Src/stm32f1xx_hal_adc_ex.o
LOAD ./Drivers/STM32F1xx_HAL_Driver/Src/stm32f1xx_hal_cortex.o
LOAD ./Drivers/STM32F1xx_HAL_Driver/Src/stm32f1xx_hal_dma.o
LOAD ./Drivers/STM32F1xx_HAL_Driver/Src/stm32f1xx_hal_exti.o
LOAD ./Drivers/STM32F1xx_HAL_Driver/Src/stm32f1xx_hal_flash.o
LOAD ./Drivers/STM32F1xx_HAL_Driver/Src/stm32f1xx_hal_flash_ex.o
LOAD ./Drivers/STM32F1xx_HAL_Driver/Src/stm32f1xx_hal_gpio.o
LOAD ./Drivers/STM32F1xx_HAL_Driver/Src/stm32f1xx_hal_gpio_ex.o
LOAD ./Drivers/STM32F1xx_HAL_Driver/Src/stm32f1xx_hal_pwr.o
LOAD ./Drivers/STM32F1xx_HAL_Driver/Src/stm32f1xx_hal_rcc.o
LOAD ./Drivers/STM32F1xx_HAL_Driver/Src/stm32f1xx_hal_rcc_ex.o
LOAD ./Drivers/STM32F1xx_HAL_Driver/Src/stm32f1xx_hal_tim.o
LOAD ./Drivers/STM32F1xx_HAL_Driver/Src/stm32f1xx_hal_tim_ex.o
LOAD ./Drivers/STM32F1xx_HAL_Driver/Src/stm32f1xx_hal_uart.o
START GROUP
LOAD D:/STM32_Cube/STM32CubeIDE_1.15.1/STM32CubeIDE/plugins/com.st.stm32cube.ide.mcu.externaltools.gnu-tools-for-stm32.12.3.rel1.win32_1.0.100.202403111256/tools/bin/../lib/gcc/arm-none-eabi/12.3.1/../../../../arm-none-eabi/lib/thumb/v7-m/nofp\libc_nano.a
LOAD D:/STM32_Cube/STM32CubeIDE_1.15.1/STM32CubeIDE/plugins/com.st.stm32cube.ide.mcu.externaltools.gnu-tools-for-stm32.12.3.rel1.win32_1.0.100.202403111256/tools/bin/../lib/gcc/arm-none-eabi/12.3.1/../../../../arm-none-eabi/lib/thumb/v7-m/nofp\libm.a
END GROUP
START GROUP
LOAD D:/STM32_Cube/STM32CubeIDE_1.15.1/STM32CubeIDE/plugins/com.st.stm32cube.ide.mcu.externaltools.gnu-tools-for-stm32.12.3.rel1.win32_1.0.100.202403111256/tools/bin/../lib/gcc/arm-none-eabi/12.3.1/thumb/v7-m/nofp\libgcc.a
LOAD D:/STM32_Cube/STM32CubeIDE_1.15.1/STM32CubeIDE/plugins/com.st.stm32cube.ide.mcu.externaltools.gnu-tools-for-stm32.12.3.rel1.win32_1.0.100.202403111256/tools/bin/../lib/gcc/arm-none-eabi/12.3.1/../../../../arm-none-eabi/lib/thumb/v7-m/nofp\libc_nano.a
END GROUP
START GROUP
LOAD D:/STM32_Cube/STM32CubeIDE_1.15.1/STM32CubeIDE/plugins/com.st.stm32cube.ide.mcu.externaltools.gnu-tools-for-stm32.12.3.rel1.win32_1.0.100.202403111256/tools/bin/../lib/gcc/arm-none-eabi/12.3.1/thumb/v7-m/nofp\libgcc.a
LOAD D:/STM32_Cube/STM32CubeIDE_1.15.1/STM32CubeIDE/plugins/com.st.stm32cube.ide.mcu.externaltools.gnu-tools-for-stm32.12.3.rel1.win32_1.0.100.202403111256/tools/bin/../lib/gcc/arm-none-eabi/12.3.1/../../../../arm-none-eabi/lib/thumb/v7-m/nofp\libc_nano.a
LOAD D:/STM32_Cube/STM32CubeIDE_1.15.1/STM32CubeIDE/plugins/com.st.stm32cube.ide.mcu.externaltools.gnu-tools-for-stm32.12.3.rel1.win32_1.0.100.202403111256/tools/bin/../lib/gcc/arm-none-eabi/12.3.1/../../../../arm-none-eabi/lib/thumb/v7-m/nofp\libnosys.a
END GROUP
START GROUP
LOAD D:/STM32_Cube/STM32CubeIDE_1.15.1/STM32CubeIDE/plugins/com.st.stm32cube.ide.mcu.externaltools.gnu-tools-for-stm32.12.3.rel1.win32_1.0.100.202403111256/tools/bin/../lib/gcc/arm-none-eabi/12.3.1/thumb/v7-m/nofp\libgcc.a
LOAD D:/STM32_Cube/STM32CubeIDE_1.15.1/STM32CubeIDE/plugins/com.st.stm32cube.ide.mcu.externaltools.gnu-tools-for-stm32.12.3.rel1.win32_1.0.100.202403111256/tools/bin/../lib/gcc/arm-none-eabi/12.3.1/../../../../arm-none-eabi/lib/thumb/v7-m/nofp\libc_nano.a
LOAD D:/STM32_Cube/STM32CubeIDE_1.15.1/STM32CubeIDE/plugins/com.st.stm32cube.ide.mcu.externaltools.gnu-tools-for-stm32.12.3.rel1.win32_1.0.100.202403111256/tools/bin/../lib/gcc/arm-none-eabi/12.3.1/../../../../arm-none-eabi/lib/thumb/v7-m/nofp\libnosys.a
END GROUP
LOAD D:/STM32_Cube/STM32CubeIDE_1.15.1/STM32CubeIDE/plugins/com.st.stm32cube.ide.mcu.externaltools.gnu-tools-for-stm32.12.3.rel1.win32_1.0.100.202403111256/tools/bin/../lib/gcc/arm-none-eabi/12.3.1/thumb/v7-m/nofp/crtend.o
LOAD D:/STM32_Cube/STM32CubeIDE_1.15.1/STM32CubeIDE/plugins/com.st.stm32cube.ide.mcu.externaltools.gnu-tools-for-stm32.12.3.rel1.win32_1.0.100.202403111256/tools/bin/../lib/gcc/arm-none-eabi/12.3.1/thumb/v7-m/nofp/crtn.o
                0x20005000                        _estack = (ORIGIN (RAM) + LENGTH (RAM))
                0x00000200                        _Min_Heap_Size = 0x200
                0x00000400                        _Min_Stack_Size = 0x400

.isr_vector     0x08000000      0x10c
                0x08000000                        . = ALIGN (0x4)
 *(.isr_vector)
 .isr_vector    0x08000000      0x10c ./Core/Startup/startup_stm32f103c8tx.o
                0x08000000                g_pfnVectors
                0x0800010c                        . = ALIGN (0x4)

.text           0x0800010c     0x30f8
                0x0800010c                        . = ALIGN (0x4)
 *(.text)
 .text          0x0800010c       0x40 D:/STM32_Cube/STM32CubeIDE_1.15.1/STM32CubeIDE/plugins/com.st.stm32cube.ide.mcu.externaltools.gnu-tools-for-stm32.12.3.rel1.win32_1.0.100.202403111256/tools/bin/../lib/gcc/arm-none-eabi/12.3.1/thumb/v7-m/nofp/crtbegin.o
 *(.text*)
 .text.command_parser_fsm
                0x0800014c        0xc ./Core/Src/command_parser.o
                0x0800014c                command_parser_fsm
 .text.HAL_TIM_PeriodElapsedCallback
                0x08000158       0x14 ./Core/Src/main.o
                0x08000158                HAL_TIM_PeriodElapsedCallback
 .text.HAL_UART_RxCpltCallback
                0x0800016c       0x68 ./Core/Src/main.o
                0x0800016c                HAL_UART_RxCpltCallback
 .text.main     0x080001d4       0x58 ./Core/Src/main.o
                0x080001d4                main
 .text.SystemClock_Config
                0x0800022c       0xa0 ./Core/Src/main.o
                0x0800022c                SystemClock_Config
 .text.MX_ADC1_Init
                0x080002cc       0x7c ./Core/Src/main.o
 .text.MX_TIM2_Init
                0x08000348       0x9c ./Core/Src/main.o
 .text.MX_USART2_UART_Init
                0x080003e4       0x54 ./Core/Src/main.o
 .text.MX_GPIO_Init
                0x08000438       0x64 ./Core/Src/main.o
 .text.Error_Handler
                0x0800049c        0xc ./Core/Src/main.o
                0x0800049c                Error_Handler
 .text.HAL_MspInit
                0x080004a8       0x64 ./Core/Src/stm32f1xx_hal_msp.o
                0x080004a8                HAL_MspInit
 .text.HAL_ADC_MspInit
                0x0800050c       0x78 ./Core/Src/stm32f1xx_hal_msp.o
                0x0800050c                HAL_ADC_MspInit
 .text.HAL_TIM_Base_MspInit
                0x08000584       0x48 ./Core/Src/stm32f1xx_hal_msp.o
                0x08000584                HAL_TIM_Base_MspInit
 .text.HAL_UART_MspInit
                0x080005cc       0xa4 ./Core/Src/stm32f1xx_hal_msp.o
                0x080005cc                HAL_UART_MspInit
 .text.NMI_Handler
                0x08000670        0x8 ./Core/Src/stm32f1xx_it.o
                0x08000670                NMI_Handler
 .text.HardFault_Handler
                0x08000678        0x8 ./Core/Src/stm32f1xx_it.o
                0x08000678                HardFault_Handler
 .text.MemManage_Handler
                0x08000680        0x8 ./Core/Src/stm32f1xx_it.o
                0x08000680                MemManage_Handler
 .text.BusFault_Handler
                0x08000688        0x8 ./Core/Src/stm32f1xx_it.o
                0x08000688                BusFault_Handler
 .text.UsageFault_Handler
                0x08000690        0x8 ./Core/Src/stm32f1xx_it.o
                0x08000690                UsageFault_Handler
 .text.SVC_Handler
                0x08000698        0xc ./Core/Src/stm32f1xx_it.o
                0x08000698                SVC_Handler
 .text.DebugMon_Handler
                0x080006a4        0xc ./Core/Src/stm32f1xx_it.o
                0x080006a4                DebugMon_Handler
 .text.PendSV_Handler
                0x080006b0        0xc ./Core/Src/stm32f1xx_it.o
                0x080006b0                PendSV_Handler
 .text.SysTick_Handler
                0x080006bc        0xc ./Core/Src/stm32f1xx_it.o
                0x080006bc                SysTick_Handler
 .text.TIM2_IRQHandler
                0x080006c8       0x14 ./Core/Src/stm32f1xx_it.o
                0x080006c8                TIM2_IRQHandler
 .text.USART2_IRQHandler
                0x080006dc       0x14 ./Core/Src/stm32f1xx_it.o
                0x080006dc                USART2_IRQHandler
 .text.SystemInit
                0x080006f0        0xc ./Core/Src/system_stm32f1xx.o
                0x080006f0                SystemInit
 .text.Init_Timer
                0x080006fc       0x50 ./Core/Src/timer.o
                0x080006fc                Init_Timer
 .text.runTimer
                0x0800074c       0x68 ./Core/Src/timer.o
                0x0800074c                runTimer
 .text.uart_communiation_fsm
                0x080007b4        0xc ./Core/Src/uart_communiation.o
                0x080007b4                uart_communiation_fsm
 .text.Reset_Handler
                0x080007c0       0x48 ./Core/Startup/startup_stm32f103c8tx.o
                0x080007c0                Reset_Handler
 .text.Default_Handler
                0x08000808        0x2 ./Core/Startup/startup_stm32f103c8tx.o
                0x08000808                RTC_Alarm_IRQHandler
                0x08000808                EXTI2_IRQHandler
                0x08000808                TIM1_CC_IRQHandler
                0x08000808                PVD_IRQHandler
                0x08000808                EXTI3_IRQHandler
                0x08000808                EXTI0_IRQHandler
                0x08000808                I2C2_EV_IRQHandler
                0x08000808                ADC1_2_IRQHandler
                0x08000808                SPI1_IRQHandler
                0x08000808                TAMPER_IRQHandler
                0x08000808                DMA1_Channel4_IRQHandler
                0x08000808                USART3_IRQHandler
                0x08000808                RTC_IRQHandler
                0x08000808                DMA1_Channel7_IRQHandler
                0x08000808                CAN1_RX1_IRQHandler
                0x08000808                TIM4_IRQHandler
                0x08000808                I2C1_EV_IRQHandler
                0x08000808                DMA1_Channel6_IRQHandler
                0x08000808                TIM3_IRQHandler
                0x08000808                RCC_IRQHandler
                0x08000808                TIM1_TRG_COM_IRQHandler
                0x08000808                DMA1_Channel1_IRQHandler
                0x08000808                Default_Handler
                0x08000808                EXTI15_10_IRQHandler
                0x08000808                EXTI9_5_IRQHandler
                0x08000808                SPI2_IRQHandler
                0x08000808                DMA1_Channel5_IRQHandler
                0x08000808                EXTI4_IRQHandler
                0x08000808                USB_LP_CAN1_RX0_IRQHandler
                0x08000808                USB_HP_CAN1_TX_IRQHandler
                0x08000808                DMA1_Channel3_IRQHandler
                0x08000808                TIM1_UP_IRQHandler
                0x08000808                WWDG_IRQHandler
                0x08000808                TIM1_BRK_IRQHandler
                0x08000808                EXTI1_IRQHandler
                0x08000808                I2C2_ER_IRQHandler
                0x08000808                DMA1_Channel2_IRQHandler
                0x08000808                CAN1_SCE_IRQHandler
                0x08000808                FLASH_IRQHandler
                0x08000808                USART1_IRQHandler
                0x08000808                I2C1_ER_IRQHandler
                0x08000808                USBWakeUp_IRQHandler
 *fill*         0x0800080a        0x2 
 .text.HAL_Init
                0x0800080c       0x2c ./Drivers/STM32F1xx_HAL_Driver/Src/stm32f1xx_hal.o
                0x0800080c                HAL_Init
 .text.HAL_InitTick
                0x08000838       0x60 ./Drivers/STM32F1xx_HAL_Driver/Src/stm32f1xx_hal.o
                0x08000838                HAL_InitTick
 .text.HAL_IncTick
                0x08000898       0x24 ./Drivers/STM32F1xx_HAL_Driver/Src/stm32f1xx_hal.o
                0x08000898                HAL_IncTick
 .text.HAL_GetTick
                0x080008bc       0x14 ./Drivers/STM32F1xx_HAL_Driver/Src/stm32f1xx_hal.o
                0x080008bc                HAL_GetTick
 .text.HAL_ADC_Init
                0x080008d0      0x1b0 ./Drivers/STM32F1xx_HAL_Driver/Src/stm32f1xx_hal_adc.o
                0x080008d0                HAL_ADC_Init
 .text.HAL_ADC_Start
                0x08000a80      0x15c ./Drivers/STM32F1xx_HAL_Driver/Src/stm32f1xx_hal_adc.o
                0x08000a80                HAL_ADC_Start
 .text.HAL_ADC_ConfigChannel
                0x08000bdc      0x1f0 ./Drivers/STM32F1xx_HAL_Driver/Src/stm32f1xx_hal_adc.o
                0x08000bdc                HAL_ADC_ConfigChannel
 .text.ADC_Enable
                0x08000dcc       0xb4 ./Drivers/STM32F1xx_HAL_Driver/Src/stm32f1xx_hal_adc.o
                0x08000dcc                ADC_Enable
 .text.ADC_ConversionStop_Disable
                0x08000e80       0x82 ./Drivers/STM32F1xx_HAL_Driver/Src/stm32f1xx_hal_adc.o
                0x08000e80                ADC_ConversionStop_Disable
 *fill*         0x08000f02        0x2 
 .text.__NVIC_SetPriorityGrouping
                0x08000f04       0x48 ./Drivers/STM32F1xx_HAL_Driver/Src/stm32f1xx_hal_cortex.o
 .text.__NVIC_GetPriorityGrouping
                0x08000f4c       0x1c ./Drivers/STM32F1xx_HAL_Driver/Src/stm32f1xx_hal_cortex.o
 .text.__NVIC_EnableIRQ
                0x08000f68       0x38 ./Drivers/STM32F1xx_HAL_Driver/Src/stm32f1xx_hal_cortex.o
 .text.__NVIC_SetPriority
                0x08000fa0       0x54 ./Drivers/STM32F1xx_HAL_Driver/Src/stm32f1xx_hal_cortex.o
 .text.NVIC_EncodePriority
                0x08000ff4       0x64 ./Drivers/STM32F1xx_HAL_Driver/Src/stm32f1xx_hal_cortex.o
 .text.SysTick_Config
                0x08001058       0x44 ./Drivers/STM32F1xx_HAL_Driver/Src/stm32f1xx_hal_cortex.o
 .text.HAL_NVIC_SetPriorityGrouping
                0x0800109c       0x16 ./Drivers/STM32F1xx_HAL_Driver/Src/stm32f1xx_hal_cortex.o
                0x0800109c                HAL_NVIC_SetPriorityGrouping
 .text.HAL_NVIC_SetPriority
                0x080010b2       0x38 ./Drivers/STM32F1xx_HAL_Driver/Src/stm32f1xx_hal_cortex.o
                0x080010b2                HAL_NVIC_SetPriority
 .text.HAL_NVIC_EnableIRQ
                0x080010ea       0x1c ./Drivers/STM32F1xx_HAL_Driver/Src/stm32f1xx_hal_cortex.o
                0x080010ea                HAL_NVIC_EnableIRQ
 .text.HAL_SYSTICK_Config
                0x08001106       0x18 ./Drivers/STM32F1xx_HAL_Driver/Src/stm32f1xx_hal_cortex.o
                0x08001106                HAL_SYSTICK_Config
 .text.HAL_DMA_Abort
                0x0800111e       0x76 ./Drivers/STM32F1xx_HAL_Driver/Src/stm32f1xx_hal_dma.o
                0x0800111e                HAL_DMA_Abort
 .text.HAL_DMA_Abort_IT
                0x08001194       0xf0 ./Drivers/STM32F1xx_HAL_Driver/Src/stm32f1xx_hal_dma.o
                0x08001194                HAL_DMA_Abort_IT
 .text.HAL_GPIO_Init
                0x08001284      0x308 ./Drivers/STM32F1xx_HAL_Driver/Src/stm32f1xx_hal_gpio.o
                0x08001284                HAL_GPIO_Init
 .text.HAL_GPIO_WritePin
                0x0800158c       0x30 ./Drivers/STM32F1xx_HAL_Driver/Src/stm32f1xx_hal_gpio.o
                0x0800158c                HAL_GPIO_WritePin
 .text.HAL_RCC_OscConfig
                0x080015bc      0x504 ./Drivers/STM32F1xx_HAL_Driver/Src/stm32f1xx_hal_rcc.o
                0x080015bc                HAL_RCC_OscConfig
 .text.HAL_RCC_ClockConfig
                0x08001ac0      0x1d4 ./Drivers/STM32F1xx_HAL_Driver/Src/stm32f1xx_hal_rcc.o
                0x08001ac0                HAL_RCC_ClockConfig
 .text.HAL_RCC_GetSysClockFreq
                0x08001c94       0xa8 ./Drivers/STM32F1xx_HAL_Driver/Src/stm32f1xx_hal_rcc.o
                0x08001c94                HAL_RCC_GetSysClockFreq
 .text.HAL_RCC_GetHCLKFreq
                0x08001d3c       0x14 ./Drivers/STM32F1xx_HAL_Driver/Src/stm32f1xx_hal_rcc.o
                0x08001d3c                HAL_RCC_GetHCLKFreq
 .text.HAL_RCC_GetPCLK1Freq
                0x08001d50       0x28 ./Drivers/STM32F1xx_HAL_Driver/Src/stm32f1xx_hal_rcc.o
                0x08001d50                HAL_RCC_GetPCLK1Freq
 .text.HAL_RCC_GetPCLK2Freq
                0x08001d78       0x28 ./Drivers/STM32F1xx_HAL_Driver/Src/stm32f1xx_hal_rcc.o
                0x08001d78                HAL_RCC_GetPCLK2Freq
 .text.RCC_Delay
                0x08001da0       0x3c ./Drivers/STM32F1xx_HAL_Driver/Src/stm32f1xx_hal_rcc.o
 .text.HAL_RCCEx_PeriphCLKConfig
                0x08001ddc      0x16c ./Drivers/STM32F1xx_HAL_Driver/Src/stm32f1xx_hal_rcc_ex.o
                0x08001ddc                HAL_RCCEx_PeriphCLKConfig
 .text.HAL_TIM_Base_Init
                0x08001f48       0x9e ./Drivers/STM32F1xx_HAL_Driver/Src/stm32f1xx_hal_tim.o
                0x08001f48                HAL_TIM_Base_Init
 .text.HAL_TIM_IRQHandler
                0x08001fe6      0x1e0 ./Drivers/STM32F1xx_HAL_Driver/Src/stm32f1xx_hal_tim.o
                0x08001fe6                HAL_TIM_IRQHandler
 .text.HAL_TIM_ConfigClockSource
                0x080021c6      0x18e ./Drivers/STM32F1xx_HAL_Driver/Src/stm32f1xx_hal_tim.o
                0x080021c6                HAL_TIM_ConfigClockSource
 .text.HAL_TIM_OC_DelayElapsedCallback
                0x08002354       0x12 ./Drivers/STM32F1xx_HAL_Driver/Src/stm32f1xx_hal_tim.o
                0x08002354                HAL_TIM_OC_DelayElapsedCallback
 .text.HAL_TIM_IC_CaptureCallback
                0x08002366       0x12 ./Drivers/STM32F1xx_HAL_Driver/Src/stm32f1xx_hal_tim.o
                0x08002366                HAL_TIM_IC_CaptureCallback
 .text.HAL_TIM_PWM_PulseFinishedCallback
                0x08002378       0x12 ./Drivers/STM32F1xx_HAL_Driver/Src/stm32f1xx_hal_tim.o
                0x08002378                HAL_TIM_PWM_PulseFinishedCallback
 .text.HAL_TIM_TriggerCallback
                0x0800238a       0x12 ./Drivers/STM32F1xx_HAL_Driver/Src/stm32f1xx_hal_tim.o
                0x0800238a                HAL_TIM_TriggerCallback
 .text.TIM_Base_SetConfig
                0x0800239c       0xdc ./Drivers/STM32F1xx_HAL_Driver/Src/stm32f1xx_hal_tim.o
                0x0800239c                TIM_Base_SetConfig
 .text.TIM_TI1_ConfigInputStage
                0x08002478       0x5c ./Drivers/STM32F1xx_HAL_Driver/Src/stm32f1xx_hal_tim.o
 .text.TIM_TI2_ConfigInputStage
                0x080024d4       0x5e ./Drivers/STM32F1xx_HAL_Driver/Src/stm32f1xx_hal_tim.o
 .text.TIM_ITRx_SetConfig
                0x08002532       0x34 ./Drivers/STM32F1xx_HAL_Driver/Src/stm32f1xx_hal_tim.o
 .text.TIM_ETR_SetConfig
                0x08002566       0x3e ./Drivers/STM32F1xx_HAL_Driver/Src/stm32f1xx_hal_tim.o
                0x08002566                TIM_ETR_SetConfig
 .text.HAL_TIMEx_MasterConfigSynchronization
                0x080025a4       0xbc ./Drivers/STM32F1xx_HAL_Driver/Src/stm32f1xx_hal_tim_ex.o
                0x080025a4                HAL_TIMEx_MasterConfigSynchronization
 .text.HAL_TIMEx_CommutCallback
                0x08002660       0x12 ./Drivers/STM32F1xx_HAL_Driver/Src/stm32f1xx_hal_tim_ex.o
                0x08002660                HAL_TIMEx_CommutCallback
 .text.HAL_TIMEx_BreakCallback
                0x08002672       0x12 ./Drivers/STM32F1xx_HAL_Driver/Src/stm32f1xx_hal_tim_ex.o
                0x08002672                HAL_TIMEx_BreakCallback
 .text.HAL_UART_Init
                0x08002684       0xa0 ./Drivers/STM32F1xx_HAL_Driver/Src/stm32f1xx_hal_uart.o
                0x08002684                HAL_UART_Init
 .text.HAL_UART_Receive_IT
                0x08002724       0x4a ./Drivers/STM32F1xx_HAL_Driver/Src/stm32f1xx_hal_uart.o
                0x08002724                HAL_UART_Receive_IT
 *fill*         0x0800276e        0x2 
 .text.HAL_UART_IRQHandler
                0x08002770      0x524 ./Drivers/STM32F1xx_HAL_Driver/Src/stm32f1xx_hal_uart.o
                0x08002770                HAL_UART_IRQHandler
 .text.HAL_UART_TxCpltCallback
                0x08002c94       0x12 ./Drivers/STM32F1xx_HAL_Driver/Src/stm32f1xx_hal_uart.o
                0x08002c94                HAL_UART_TxCpltCallback
 .text.HAL_UART_ErrorCallback
                0x08002ca6       0x12 ./Drivers/STM32F1xx_HAL_Driver/Src/stm32f1xx_hal_uart.o
                0x08002ca6                HAL_UART_ErrorCallback
 .text.HAL_UARTEx_RxEventCallback
                0x08002cb8       0x16 ./Drivers/STM32F1xx_HAL_Driver/Src/stm32f1xx_hal_uart.o
                0x08002cb8                HAL_UARTEx_RxEventCallback
 .text.UART_Start_Receive_IT
                0x08002cce       0x72 ./Drivers/STM32F1xx_HAL_Driver/Src/stm32f1xx_hal_uart.o
                0x08002cce                UART_Start_Receive_IT
 .text.UART_EndRxTransfer
                0x08002d40       0xc4 ./Drivers/STM32F1xx_HAL_Driver/Src/stm32f1xx_hal_uart.o
 .text.UART_DMAAbortOnError
                0x08002e04       0x28 ./Drivers/STM32F1xx_HAL_Driver/Src/stm32f1xx_hal_uart.o
 .text.UART_Transmit_IT
                0x08002e2c       0x9e ./Drivers/STM32F1xx_HAL_Driver/Src/stm32f1xx_hal_uart.o
 .text.UART_EndTransmit_IT
                0x08002eca       0x30 ./Drivers/STM32F1xx_HAL_Driver/Src/stm32f1xx_hal_uart.o
 .text.UART_Receive_IT
                0x08002efa      0x17c ./Drivers/STM32F1xx_HAL_Driver/Src/stm32f1xx_hal_uart.o
 *fill*         0x08003076        0x2 
 .text.UART_SetConfig
                0x08003078      0x11c ./Drivers/STM32F1xx_HAL_Driver/Src/stm32f1xx_hal_uart.o
 .text.memset   0x08003194       0x10 D:/STM32_Cube/STM32CubeIDE_1.15.1/STM32CubeIDE/plugins/com.st.stm32cube.ide.mcu.externaltools.gnu-tools-for-stm32.12.3.rel1.win32_1.0.100.202403111256/tools/bin/../lib/gcc/arm-none-eabi/12.3.1/../../../../arm-none-eabi/lib/thumb/v7-m/nofp\libc_nano.a(libc_a-memset.o)
                0x08003194                memset
 .text.__libc_init_array
                0x080031a4       0x48 D:/STM32_Cube/STM32CubeIDE_1.15.1/STM32CubeIDE/plugins/com.st.stm32cube.ide.mcu.externaltools.gnu-tools-for-stm32.12.3.rel1.win32_1.0.100.202403111256/tools/bin/../lib/gcc/arm-none-eabi/12.3.1/../../../../arm-none-eabi/lib/thumb/v7-m/nofp\libc_nano.a(libc_a-init.o)
                0x080031a4                __libc_init_array
 *(.glue_7)
 .glue_7        0x080031ec        0x0 linker stubs
 *(.glue_7t)
 .glue_7t       0x080031ec        0x0 linker stubs
 *(.eh_frame)
 .eh_frame      0x080031ec        0x0 D:/STM32_Cube/STM32CubeIDE_1.15.1/STM32CubeIDE/plugins/com.st.stm32cube.ide.mcu.externaltools.gnu-tools-for-stm32.12.3.rel1.win32_1.0.100.202403111256/tools/bin/../lib/gcc/arm-none-eabi/12.3.1/thumb/v7-m/nofp/crtbegin.o
 *(.init)
 .init          0x080031ec        0x4 D:/STM32_Cube/STM32CubeIDE_1.15.1/STM32CubeIDE/plugins/com.st.stm32cube.ide.mcu.externaltools.gnu-tools-for-stm32.12.3.rel1.win32_1.0.100.202403111256/tools/bin/../lib/gcc/arm-none-eabi/12.3.1/thumb/v7-m/nofp/crti.o
                0x080031ec                _init
 .init          0x080031f0        0x8 D:/STM32_Cube/STM32CubeIDE_1.15.1/STM32CubeIDE/plugins/com.st.stm32cube.ide.mcu.externaltools.gnu-tools-for-stm32.12.3.rel1.win32_1.0.100.202403111256/tools/bin/../lib/gcc/arm-none-eabi/12.3.1/thumb/v7-m/nofp/crtn.o
 *(.fini)
 .fini          0x080031f8        0x4 D:/STM32_Cube/STM32CubeIDE_1.15.1/STM32CubeIDE/plugins/com.st.stm32cube.ide.mcu.externaltools.gnu-tools-for-stm32.12.3.rel1.win32_1.0.100.202403111256/tools/bin/../lib/gcc/arm-none-eabi/12.3.1/thumb/v7-m/nofp/crti.o
                0x080031f8                _fini
 .fini          0x080031fc        0x8 D:/STM32_Cube/STM32CubeIDE_1.15.1/STM32CubeIDE/plugins/com.st.stm32cube.ide.mcu.externaltools.gnu-tools-for-stm32.12.3.rel1.win32_1.0.100.202403111256/tools/bin/../lib/gcc/arm-none-eabi/12.3.1/thumb/v7-m/nofp/crtn.o
                0x08003204                        . = ALIGN (0x4)
                0x08003204                        _etext = .

.vfp11_veneer   0x08003204        0x0
 .vfp11_veneer  0x08003204        0x0 linker stubs

.v4_bx          0x08003204        0x0
 .v4_bx         0x08003204        0x0 linker stubs

.iplt           0x08003204        0x0
 .iplt          0x08003204        0x0 D:/STM32_Cube/STM32CubeIDE_1.15.1/STM32CubeIDE/plugins/com.st.stm32cube.ide.mcu.externaltools.gnu-tools-for-stm32.12.3.rel1.win32_1.0.100.202403111256/tools/bin/../lib/gcc/arm-none-eabi/12.3.1/thumb/v7-m/nofp/crtbegin.o

.rodata         0x08003204       0x2c
                0x08003204                        . = ALIGN (0x4)
 *(.rodata)
 *(.rodata*)
 .rodata.AHBPrescTable
                0x08003204       0x10 ./Core/Src/system_stm32f1xx.o
                0x08003204                AHBPrescTable
 .rodata.APBPrescTable
                0x08003214        0x8 ./Core/Src/system_stm32f1xx.o
                0x08003214                APBPrescTable
 .rodata.aPLLMULFactorTable.1
                0x0800321c       0x10 ./Drivers/STM32F1xx_HAL_Driver/Src/stm32f1xx_hal_rcc.o
 .rodata.aPredivFactorTable.0
                0x0800322c        0x2 ./Drivers/STM32F1xx_HAL_Driver/Src/stm32f1xx_hal_rcc.o
                0x08003230                        . = ALIGN (0x4)
 *fill*         0x0800322e        0x2 

.ARM.extab      0x08003230        0x0
                0x08003230                        . = ALIGN (0x4)
 *(.ARM.extab* .gnu.linkonce.armextab.*)
                0x08003230                        . = ALIGN (0x4)

.ARM            0x08003230        0x0
                0x08003230                        . = ALIGN (0x4)
                0x08003230                        __exidx_start = .
 *(.ARM.exidx*)
                0x08003230                        __exidx_end = .
                0x08003230                        . = ALIGN (0x4)

.preinit_array  0x08003230        0x0
                0x08003230                        . = ALIGN (0x4)
                0x08003230                        PROVIDE (__preinit_array_start = .)
 *(.preinit_array*)
                0x08003230                        PROVIDE (__preinit_array_end = .)
                0x08003230                        . = ALIGN (0x4)

.init_array     0x08003230        0x4
                0x08003230                        . = ALIGN (0x4)
                0x08003230                        PROVIDE (__init_array_start = .)
 *(SORT_BY_NAME(.init_array.*))
 *(.init_array*)
 .init_array    0x08003230        0x4 D:/STM32_Cube/STM32CubeIDE_1.15.1/STM32CubeIDE/plugins/com.st.stm32cube.ide.mcu.externaltools.gnu-tools-for-stm32.12.3.rel1.win32_1.0.100.202403111256/tools/bin/../lib/gcc/arm-none-eabi/12.3.1/thumb/v7-m/nofp/crtbegin.o
                0x08003234                        PROVIDE (__init_array_end = .)
                0x08003234                        . = ALIGN (0x4)

.fini_array     0x08003234        0x4
                0x08003234                        . = ALIGN (0x4)
                [!provide]                        PROVIDE (__fini_array_start = .)
 *(SORT_BY_NAME(.fini_array.*))
 *(.fini_array*)
 .fini_array    0x08003234        0x4 D:/STM32_Cube/STM32CubeIDE_1.15.1/STM32CubeIDE/plugins/com.st.stm32cube.ide.mcu.externaltools.gnu-tools-for-stm32.12.3.rel1.win32_1.0.100.202403111256/tools/bin/../lib/gcc/arm-none-eabi/12.3.1/thumb/v7-m/nofp/crtbegin.o
                [!provide]                        PROVIDE (__fini_array_end = .)
                0x08003238                        . = ALIGN (0x4)
                0x08003238                        _sidata = LOADADDR (.data)

.rel.dyn        0x08003238        0x0
 .rel.iplt      0x08003238        0x0 D:/STM32_Cube/STM32CubeIDE_1.15.1/STM32CubeIDE/plugins/com.st.stm32cube.ide.mcu.externaltools.gnu-tools-for-stm32.12.3.rel1.win32_1.0.100.202403111256/tools/bin/../lib/gcc/arm-none-eabi/12.3.1/thumb/v7-m/nofp/crtbegin.o

.data           0x20000000        0xc load address 0x08003238
                0x20000000                        . = ALIGN (0x4)
                0x20000000                        _sdata = .
 *(.data)
 *(.data*)
 .data.SystemCoreClock
                0x20000000        0x4 ./Core/Src/system_stm32f1xx.o
                0x20000000                SystemCoreClock
 .data.uwTickPrio
                0x20000004        0x4 ./Drivers/STM32F1xx_HAL_Driver/Src/stm32f1xx_hal.o
                0x20000004                uwTickPrio
 .data.uwTickFreq
                0x20000008        0x1 ./Drivers/STM32F1xx_HAL_Driver/Src/stm32f1xx_hal.o
                0x20000008                uwTickFreq
 *(.RamFunc)
 *(.RamFunc*)
                0x2000000c                        . = ALIGN (0x4)
 *fill*         0x20000009        0x3 
                0x2000000c                        _edata = .

.igot.plt       0x2000000c        0x0 load address 0x08003244
 .igot.plt      0x2000000c        0x0 D:/STM32_Cube/STM32CubeIDE_1.15.1/STM32CubeIDE/plugins/com.st.stm32cube.ide.mcu.externaltools.gnu-tools-for-stm32.12.3.rel1.win32_1.0.100.202403111256/tools/bin/../lib/gcc/arm-none-eabi/12.3.1/thumb/v7-m/nofp/crtbegin.o
                0x2000000c                        . = ALIGN (0x4)

.bss            0x2000000c      0x128 load address 0x08003244
                0x2000000c                        _sbss = .
                0x2000000c                        __bss_start__ = _sbss
 *(.bss)
 .bss           0x2000000c       0x1c D:/STM32_Cube/STM32CubeIDE_1.15.1/STM32CubeIDE/plugins/com.st.stm32cube.ide.mcu.externaltools.gnu-tools-for-stm32.12.3.rel1.win32_1.0.100.202403111256/tools/bin/../lib/gcc/arm-none-eabi/12.3.1/thumb/v7-m/nofp/crtbegin.o
 *(.bss*)
 .bss.temp      0x20000028        0x1 ./Core/Src/gobal.o
                0x20000028                temp
 *fill*         0x20000029        0x3 
 .bss.buffer    0x2000002c       0x1e ./Core/Src/gobal.o
                0x2000002c                buffer
 .bss.index_buffer
                0x2000004a        0x1 ./Core/Src/gobal.o
                0x2000004a                index_buffer
 .bss.buffer_flag
                0x2000004b        0x1 ./Core/Src/gobal.o
                0x2000004b                buffer_flag
 .bss.hadc1     0x2000004c       0x30 ./Core/Src/main.o
                0x2000004c                hadc1
 .bss.htim2     0x2000007c       0x48 ./Core/Src/main.o
                0x2000007c                htim2
 .bss.huart2    0x200000c4       0x48 ./Core/Src/main.o
                0x200000c4                huart2
 .bss.Timer_Flag
                0x2000010c        0xc ./Core/Src/timer.o
                0x2000010c                Timer_Flag
 .bss.Timer_Counter
                0x20000118        0xc ./Core/Src/timer.o
                0x20000118                Timer_Counter
 .bss.Timer_Ignore
                0x20000124        0xc ./Core/Src/timer.o
                0x20000124                Timer_Ignore
 .bss.uwTick    0x20000130        0x4 ./Drivers/STM32F1xx_HAL_Driver/Src/stm32f1xx_hal.o
                0x20000130                uwTick
 *(COMMON)
                0x20000134                        . = ALIGN (0x4)
                0x20000134                        _ebss = .
                0x20000134                        __bss_end__ = _ebss

._user_heap_stack
                0x20000134      0x604 load address 0x08003244
                0x20000138                        . = ALIGN (0x8)
 *fill*         0x20000134        0x4 
                [!provide]                        PROVIDE (end = .)
                0x20000138                        PROVIDE (_end = .)
                0x20000338                        . = (. + _Min_Heap_Size)
 *fill*         0x20000138      0x200 
                0x20000738                        . = (. + _Min_Stack_Size)
 *fill*         0x20000338      0x400 
                0x20000738                        . = ALIGN (0x8)

/DISCARD/
 libc.a(*)
 libm.a(*)
 libgcc.a(*)

.ARM.attributes
                0x00000000       0x29
 *(.ARM.attributes)
 .ARM.attributes
                0x00000000       0x1d D:/STM32_Cube/STM32CubeIDE_1.15.1/STM32CubeIDE/plugins/com.st.stm32cube.ide.mcu.externaltools.gnu-tools-for-stm32.12.3.rel1.win32_1.0.100.202403111256/tools/bin/../lib/gcc/arm-none-eabi/12.3.1/thumb/v7-m/nofp/crti.o
 .ARM.attributes
                0x0000001d       0x2d D:/STM32_Cube/STM32CubeIDE_1.15.1/STM32CubeIDE/plugins/com.st.stm32cube.ide.mcu.externaltools.gnu-tools-for-stm32.12.3.rel1.win32_1.0.100.202403111256/tools/bin/../lib/gcc/arm-none-eabi/12.3.1/thumb/v7-m/nofp/crtbegin.o
 .ARM.attributes
                0x0000004a       0x2d ./Core/Src/command_parser.o
 .ARM.attributes
                0x00000077       0x2d ./Core/Src/gobal.o
 .ARM.attributes
                0x000000a4       0x2d ./Core/Src/main.o
 .ARM.attributes
                0x000000d1       0x2d ./Core/Src/stm32f1xx_hal_msp.o
 .ARM.attributes
                0x000000fe       0x2d ./Core/Src/stm32f1xx_it.o
 .ARM.attributes
                0x0000012b       0x2d ./Core/Src/system_stm32f1xx.o
 .ARM.attributes
                0x00000158       0x2d ./Core/Src/timer.o
 .ARM.attributes
                0x00000185       0x2d ./Core/Src/uart_communiation.o
 .ARM.attributes
                0x000001b2       0x21 ./Core/Startup/startup_stm32f103c8tx.o
 .ARM.attributes
                0x000001d3       0x2d ./Drivers/STM32F1xx_HAL_Driver/Src/stm32f1xx_hal.o
 .ARM.attributes
                0x00000200       0x2d ./Drivers/STM32F1xx_HAL_Driver/Src/stm32f1xx_hal_adc.o
 .ARM.attributes
                0x0000022d       0x2d ./Drivers/STM32F1xx_HAL_Driver/Src/stm32f1xx_hal_cortex.o
 .ARM.attributes
                0x0000025a       0x2d ./Drivers/STM32F1xx_HAL_Driver/Src/stm32f1xx_hal_dma.o
 .ARM.attributes
                0x00000287       0x2d ./Drivers/STM32F1xx_HAL_Driver/Src/stm32f1xx_hal_gpio.o
 .ARM.attributes
                0x000002b4       0x2d ./Drivers/STM32F1xx_HAL_Driver/Src/stm32f1xx_hal_rcc.o
 .ARM.attributes
                0x000002e1       0x2d ./Drivers/STM32F1xx_HAL_Driver/Src/stm32f1xx_hal_rcc_ex.o
 .ARM.attributes
                0x0000030e       0x2d ./Drivers/STM32F1xx_HAL_Driver/Src/stm32f1xx_hal_tim.o
 .ARM.attributes
                0x0000033b       0x2d ./Drivers/STM32F1xx_HAL_Driver/Src/stm32f1xx_hal_tim_ex.o
 .ARM.attributes
                0x00000368       0x2d ./Drivers/STM32F1xx_HAL_Driver/Src/stm32f1xx_hal_uart.o
 .ARM.attributes
                0x00000395       0x2d D:/STM32_Cube/STM32CubeIDE_1.15.1/STM32CubeIDE/plugins/com.st.stm32cube.ide.mcu.externaltools.gnu-tools-for-stm32.12.3.rel1.win32_1.0.100.202403111256/tools/bin/../lib/gcc/arm-none-eabi/12.3.1/../../../../arm-none-eabi/lib/thumb/v7-m/nofp\libc_nano.a(libc_a-memset.o)
 .ARM.attributes
                0x000003c2       0x2d D:/STM32_Cube/STM32CubeIDE_1.15.1/STM32CubeIDE/plugins/com.st.stm32cube.ide.mcu.externaltools.gnu-tools-for-stm32.12.3.rel1.win32_1.0.100.202403111256/tools/bin/../lib/gcc/arm-none-eabi/12.3.1/../../../../arm-none-eabi/lib/thumb/v7-m/nofp\libc_nano.a(libc_a-init.o)
 .ARM.attributes
                0x000003ef       0x1d D:/STM32_Cube/STM32CubeIDE_1.15.1/STM32CubeIDE/plugins/com.st.stm32cube.ide.mcu.externaltools.gnu-tools-for-stm32.12.3.rel1.win32_1.0.100.202403111256/tools/bin/../lib/gcc/arm-none-eabi/12.3.1/thumb/v7-m/nofp/crtn.o
OUTPUT(Lab5.elf elf32-littlearm)
LOAD linker stubs
LOAD D:/STM32_Cube/STM32CubeIDE_1.15.1/STM32CubeIDE/plugins/com.st.stm32cube.ide.mcu.externaltools.gnu-tools-for-stm32.12.3.rel1.win32_1.0.100.202403111256/tools/bin/../lib/gcc/arm-none-eabi/12.3.1/../../../../arm-none-eabi/lib/thumb/v7-m/nofp\libc.a
LOAD D:/STM32_Cube/STM32CubeIDE_1.15.1/STM32CubeIDE/plugins/com.st.stm32cube.ide.mcu.externaltools.gnu-tools-for-stm32.12.3.rel1.win32_1.0.100.202403111256/tools/bin/../lib/gcc/arm-none-eabi/12.3.1/../../../../arm-none-eabi/lib/thumb/v7-m/nofp\libm.a
LOAD D:/STM32_Cube/STM32CubeIDE_1.15.1/STM32CubeIDE/plugins/com.st.stm32cube.ide.mcu.externaltools.gnu-tools-for-stm32.12.3.rel1.win32_1.0.100.202403111256/tools/bin/../lib/gcc/arm-none-eabi/12.3.1/thumb/v7-m/nofp\libgcc.a

.debug_info     0x00000000     0xd406
 .debug_info    0x00000000       0x91 ./Core/Src/command_parser.o
 .debug_info    0x00000091      0x158 ./Core/Src/gobal.o
 .debug_info    0x000001e9     0x11bf ./Core/Src/main.o
 .debug_info    0x000013a8      0xfd2 ./Core/Src/stm32f1xx_hal_msp.o
 .debug_info    0x0000237a      0x94c ./Core/Src/stm32f1xx_it.o
 .debug_info    0x00002cc6      0x222 ./Core/Src/system_stm32f1xx.o
 .debug_info    0x00002ee8      0x18f ./Core/Src/timer.o
 .debug_info    0x00003077       0x91 ./Core/Src/uart_communiation.o
 .debug_info    0x00003108       0x30 ./Core/Startup/startup_stm32f103c8tx.o
 .debug_info    0x00003138      0x704 ./Drivers/STM32F1xx_HAL_Driver/Src/stm32f1xx_hal.o
 .debug_info    0x0000383c      0xc50 ./Drivers/STM32F1xx_HAL_Driver/Src/stm32f1xx_hal_adc.o
 .debug_info    0x0000448c      0xa87 ./Drivers/STM32F1xx_HAL_Driver/Src/stm32f1xx_hal_cortex.o
 .debug_info    0x00004f13      0x6d2 ./Drivers/STM32F1xx_HAL_Driver/Src/stm32f1xx_hal_dma.o
 .debug_info    0x000055e5      0x5ab ./Drivers/STM32F1xx_HAL_Driver/Src/stm32f1xx_hal_gpio.o
 .debug_info    0x00005b90      0x7d5 ./Drivers/STM32F1xx_HAL_Driver/Src/stm32f1xx_hal_rcc.o
 .debug_info    0x00006365      0x3c0 ./Drivers/STM32F1xx_HAL_Driver/Src/stm32f1xx_hal_rcc_ex.o
 .debug_info    0x00006725     0x2959 ./Drivers/STM32F1xx_HAL_Driver/Src/stm32f1xx_hal_tim.o
 .debug_info    0x0000907e     0x149b ./Drivers/STM32F1xx_HAL_Driver/Src/stm32f1xx_hal_tim_ex.o
 .debug_info    0x0000a519     0x2eed ./Drivers/STM32F1xx_HAL_Driver/Src/stm32f1xx_hal_uart.o

.debug_abbrev   0x00000000     0x20ca
 .debug_abbrev  0x00000000       0x45 ./Core/Src/command_parser.o
 .debug_abbrev  0x00000045       0x80 ./Core/Src/gobal.o
 .debug_abbrev  0x000000c5      0x2ce ./Core/Src/main.o
 .debug_abbrev  0x00000393      0x1dd ./Core/Src/stm32f1xx_hal_msp.o
 .debug_abbrev  0x00000570      0x19b ./Core/Src/stm32f1xx_it.o
 .debug_abbrev  0x0000070b      0x13f ./Core/Src/system_stm32f1xx.o
 .debug_abbrev  0x0000084a       0xf8 ./Core/Src/timer.o
 .debug_abbrev  0x00000942       0x45 ./Core/Src/uart_communiation.o
 .debug_abbrev  0x00000987       0x24 ./Core/Startup/startup_stm32f103c8tx.o
 .debug_abbrev  0x000009ab      0x201 ./Drivers/STM32F1xx_HAL_Driver/Src/stm32f1xx_hal.o
 .debug_abbrev  0x00000bac      0x225 ./Drivers/STM32F1xx_HAL_Driver/Src/stm32f1xx_hal_adc.o
 .debug_abbrev  0x00000dd1      0x2f8 ./Drivers/STM32F1xx_HAL_Driver/Src/stm32f1xx_hal_cortex.o
 .debug_abbrev  0x000010c9      0x20b ./Drivers/STM32F1xx_HAL_Driver/Src/stm32f1xx_hal_dma.o
 .debug_abbrev  0x000012d4      0x1ca ./Drivers/STM32F1xx_HAL_Driver/Src/stm32f1xx_hal_gpio.o
 .debug_abbrev  0x0000149e      0x2b3 ./Drivers/STM32F1xx_HAL_Driver/Src/stm32f1xx_hal_rcc.o
 .debug_abbrev  0x00001751      0x188 ./Drivers/STM32F1xx_HAL_Driver/Src/stm32f1xx_hal_rcc_ex.o
 .debug_abbrev  0x000018d9      0x277 ./Drivers/STM32F1xx_HAL_Driver/Src/stm32f1xx_hal_tim.o
 .debug_abbrev  0x00001b50      0x282 ./Drivers/STM32F1xx_HAL_Driver/Src/stm32f1xx_hal_tim_ex.o
 .debug_abbrev  0x00001dd2      0x2f8 ./Drivers/STM32F1xx_HAL_Driver/Src/stm32f1xx_hal_uart.o

.debug_aranges  0x00000000      0xdb8
 .debug_aranges
                0x00000000       0x20 ./Core/Src/command_parser.o
 .debug_aranges
                0x00000020       0x18 ./Core/Src/gobal.o
 .debug_aranges
                0x00000038       0x60 ./Core/Src/main.o
 .debug_aranges
                0x00000098       0x50 ./Core/Src/stm32f1xx_hal_msp.o
 .debug_aranges
                0x000000e8       0x70 ./Core/Src/stm32f1xx_it.o
 .debug_aranges
                0x00000158       0x28 ./Core/Src/system_stm32f1xx.o
 .debug_aranges
                0x00000180       0x48 ./Core/Src/timer.o
 .debug_aranges
                0x000001c8       0x20 ./Core/Src/uart_communiation.o
 .debug_aranges
                0x000001e8       0x28 ./Core/Startup/startup_stm32f103c8tx.o
 .debug_aranges
                0x00000210       0xe0 ./Drivers/STM32F1xx_HAL_Driver/Src/stm32f1xx_hal.o
 .debug_aranges
                0x000002f0       0xf0 ./Drivers/STM32F1xx_HAL_Driver/Src/stm32f1xx_hal_adc.o
 .debug_aranges
                0x000003e0      0x100 ./Drivers/STM32F1xx_HAL_Driver/Src/stm32f1xx_hal_cortex.o
 .debug_aranges
                0x000004e0       0x80 ./Drivers/STM32F1xx_HAL_Driver/Src/stm32f1xx_hal_dma.o
 .debug_aranges
                0x00000560       0x58 ./Drivers/STM32F1xx_HAL_Driver/Src/stm32f1xx_hal_gpio.o
 .debug_aranges
                0x000005b8       0x90 ./Drivers/STM32F1xx_HAL_Driver/Src/stm32f1xx_hal_rcc.o
 .debug_aranges
                0x00000648       0x30 ./Drivers/STM32F1xx_HAL_Driver/Src/stm32f1xx_hal_rcc_ex.o
 .debug_aranges
                0x00000678      0x3d0 ./Drivers/STM32F1xx_HAL_Driver/Src/stm32f1xx_hal_tim.o
 .debug_aranges
                0x00000a48      0x168 ./Drivers/STM32F1xx_HAL_Driver/Src/stm32f1xx_hal_tim_ex.o
 .debug_aranges
                0x00000bb0      0x208 ./Drivers/STM32F1xx_HAL_Driver/Src/stm32f1xx_hal_uart.o

.debug_rnglists
                0x00000000      0xa9b
 .debug_rnglists
                0x00000000       0x13 ./Core/Src/command_parser.o
 .debug_rnglists
                0x00000013       0x45 ./Core/Src/main.o
 .debug_rnglists
                0x00000058       0x38 ./Core/Src/stm32f1xx_hal_msp.o
 .debug_rnglists
                0x00000090       0x4f ./Core/Src/stm32f1xx_it.o
 .debug_rnglists
                0x000000df       0x1a ./Core/Src/system_stm32f1xx.o
 .debug_rnglists
                0x000000f9       0x31 ./Core/Src/timer.o
 .debug_rnglists
                0x0000012a       0x13 ./Core/Src/uart_communiation.o
 .debug_rnglists
                0x0000013d       0x19 ./Core/Startup/startup_stm32f103c8tx.o
 .debug_rnglists
                0x00000156       0xa3 ./Drivers/STM32F1xx_HAL_Driver/Src/stm32f1xx_hal.o
 .debug_rnglists
                0x000001f9       0xbc ./Drivers/STM32F1xx_HAL_Driver/Src/stm32f1xx_hal_adc.o
 .debug_rnglists
                0x000002b5       0xbb ./Drivers/STM32F1xx_HAL_Driver/Src/stm32f1xx_hal_cortex.o
 .debug_rnglists
                0x00000370       0x64 ./Drivers/STM32F1xx_HAL_Driver/Src/stm32f1xx_hal_dma.o
 .debug_rnglists
                0x000003d4       0x3f ./Drivers/STM32F1xx_HAL_Driver/Src/stm32f1xx_hal_gpio.o
 .debug_rnglists
                0x00000413       0x6c ./Drivers/STM32F1xx_HAL_Driver/Src/stm32f1xx_hal_rcc.o
 .debug_rnglists
                0x0000047f       0x21 ./Drivers/STM32F1xx_HAL_Driver/Src/stm32f1xx_hal_rcc_ex.o
 .debug_rnglists
                0x000004a0      0x31a ./Drivers/STM32F1xx_HAL_Driver/Src/stm32f1xx_hal_tim.o
 .debug_rnglists
                0x000007ba      0x125 ./Drivers/STM32F1xx_HAL_Driver/Src/stm32f1xx_hal_tim_ex.o
 .debug_rnglists
                0x000008df      0x1bc ./Drivers/STM32F1xx_HAL_Driver/Src/stm32f1xx_hal_uart.o

.debug_macro    0x00000000    0x18714
 .debug_macro   0x00000000      0x1e0 ./Core/Src/command_parser.o
 .debug_macro   0x000001e0      0xaa8 ./Core/Src/command_parser.o
 .debug_macro   0x00000c88      0x221 ./Core/Src/command_parser.o
 .debug_macro   0x00000ea9       0x2e ./Core/Src/command_parser.o
 .debug_macro   0x00000ed7       0x22 ./Core/Src/command_parser.o
 .debug_macro   0x00000ef9       0x22 ./Core/Src/command_parser.o
 .debug_macro   0x00000f1b       0x8e ./Core/Src/command_parser.o
 .debug_macro   0x00000fa9       0x51 ./Core/Src/command_parser.o
 .debug_macro   0x00000ffa      0x103 ./Core/Src/command_parser.o
 .debug_macro   0x000010fd       0x6a ./Core/Src/command_parser.o
 .debug_macro   0x00001167      0x1df ./Core/Src/command_parser.o
 .debug_macro   0x00001346       0x1c ./Core/Src/command_parser.o
 .debug_macro   0x00001362       0x22 ./Core/Src/command_parser.o
 .debug_macro   0x00001384       0xbd ./Core/Src/command_parser.o
 .debug_macro   0x00001441      0xd23 ./Core/Src/command_parser.o
 .debug_macro   0x00002164     0xe09e ./Core/Src/command_parser.o
 .debug_macro   0x00010202       0x6d ./Core/Src/command_parser.o
 .debug_macro   0x0001026f     0x34a2 ./Core/Src/command_parser.o
 .debug_macro   0x00013711      0x189 ./Core/Src/command_parser.o
 .debug_macro   0x0001389a       0x5c ./Core/Src/command_parser.o
 .debug_macro   0x000138f6      0x5bc ./Core/Src/command_parser.o
 .debug_macro   0x00013eb2      0x289 ./Core/Src/command_parser.o
 .debug_macro   0x0001413b      0x1cb ./Core/Src/command_parser.o
 .debug_macro   0x00014306      0x114 ./Core/Src/command_parser.o
 .debug_macro   0x0001441a      0x1b2 ./Core/Src/command_parser.o
 .debug_macro   0x000145cc       0x27 ./Core/Src/command_parser.o
 .debug_macro   0x000145f3      0x136 ./Core/Src/command_parser.o
 .debug_macro   0x00014729      0x1bc ./Core/Src/command_parser.o
 .debug_macro   0x000148e5       0x34 ./Core/Src/command_parser.o
 .debug_macro   0x00014919       0x3c ./Core/Src/command_parser.o
 .debug_macro   0x00014955       0x57 ./Core/Src/command_parser.o
 .debug_macro   0x000149ac      0x46a ./Core/Src/command_parser.o
 .debug_macro   0x00014e16      0x1b5 ./Core/Src/command_parser.o
 .debug_macro   0x00014fcb       0x87 ./Core/Src/command_parser.o
 .debug_macro   0x00015052      0x240 ./Core/Src/command_parser.o
 .debug_macro   0x00015292      0x140 ./Core/Src/command_parser.o
 .debug_macro   0x000153d2      0x8ed ./Core/Src/command_parser.o
 .debug_macro   0x00015cbf      0x28e ./Core/Src/command_parser.o
 .debug_macro   0x00015f4d       0x83 ./Core/Src/command_parser.o
 .debug_macro   0x00015fd0       0x10 ./Core/Src/command_parser.o
 .debug_macro   0x00015fe0      0x1d6 ./Core/Src/gobal.o
 .debug_macro   0x000161b6      0x2d3 ./Core/Src/main.o
 .debug_macro   0x00016489       0x61 ./Core/Src/main.o
 .debug_macro   0x000164ea       0x24 ./Core/Src/main.o
 .debug_macro   0x0001650e       0x43 ./Core/Src/main.o
 .debug_macro   0x00016551       0x34 ./Core/Src/main.o
 .debug_macro   0x00016585       0x16 ./Core/Src/main.o
 .debug_macro   0x0001659b       0x35 ./Core/Src/main.o
 .debug_macro   0x000165d0      0x369 ./Core/Src/main.o
 .debug_macro   0x00016939       0x10 ./Core/Src/main.o
 .debug_macro   0x00016949       0x16 ./Core/Src/main.o
 .debug_macro   0x0001695f       0x43 ./Core/Src/main.o
 .debug_macro   0x000169a2       0x34 ./Core/Src/main.o
 .debug_macro   0x000169d6       0x10 ./Core/Src/main.o
 .debug_macro   0x000169e6       0x58 ./Core/Src/main.o
 .debug_macro   0x00016a3e       0x8e ./Core/Src/main.o
 .debug_macro   0x00016acc       0x1c ./Core/Src/main.o
 .debug_macro   0x00016ae8      0x177 ./Core/Src/main.o
 .debug_macro   0x00016c5f       0x16 ./Core/Src/main.o
 .debug_macro   0x00016c75       0x16 ./Core/Src/main.o
 .debug_macro   0x00016c8b      0x146 ./Core/Src/main.o
 .debug_macro   0x00016dd1       0x16 ./Core/Src/main.o
 .debug_macro   0x00016de7      0x1c6 ./Core/Src/stm32f1xx_hal_msp.o
 .debug_macro   0x00016fad      0x1d0 ./Core/Src/stm32f1xx_it.o
 .debug_macro   0x0001717d      0x1b7 ./Core/Src/system_stm32f1xx.o
 .debug_macro   0x00017334       0x1a ./Core/Src/timer.o
 .debug_macro   0x0001734e      0x1e0 ./Core/Src/uart_communiation.o
 .debug_macro   0x0001752e      0x1db ./Drivers/STM32F1xx_HAL_Driver/Src/stm32f1xx_hal.o
 .debug_macro   0x00017709      0x1d4 ./Drivers/STM32F1xx_HAL_Driver/Src/stm32f1xx_hal_adc.o
 .debug_macro   0x000178dd      0x1b7 ./Drivers/STM32F1xx_HAL_Driver/Src/stm32f1xx_hal_cortex.o
 .debug_macro   0x00017a94      0x1b7 ./Drivers/STM32F1xx_HAL_Driver/Src/stm32f1xx_hal_dma.o
 .debug_macro   0x00017c4b      0x222 ./Drivers/STM32F1xx_HAL_Driver/Src/stm32f1xx_hal_gpio.o
 .debug_macro   0x00017e6d      0x1c9 ./Drivers/STM32F1xx_HAL_Driver/Src/stm32f1xx_hal_rcc.o
 .debug_macro   0x00018036      0x1b7 ./Drivers/STM32F1xx_HAL_Driver/Src/stm32f1xx_hal_rcc_ex.o
 .debug_macro   0x000181ed      0x1b8 ./Drivers/STM32F1xx_HAL_Driver/Src/stm32f1xx_hal_tim.o
 .debug_macro   0x000183a5      0x1b7 ./Drivers/STM32F1xx_HAL_Driver/Src/stm32f1xx_hal_tim_ex.o
 .debug_macro   0x0001855c      0x1b8 ./Drivers/STM32F1xx_HAL_Driver/Src/stm32f1xx_hal_uart.o

.debug_line     0x00000000    0x10692
 .debug_line    0x00000000      0x740 ./Core/Src/command_parser.o
 .debug_line    0x00000740      0x70c ./Core/Src/gobal.o
 .debug_line    0x00000e4c      0xb7a ./Core/Src/main.o
 .debug_line    0x000019c6      0x7fd ./Core/Src/stm32f1xx_hal_msp.o
 .debug_line    0x000021c3      0x818 ./Core/Src/stm32f1xx_it.o
 .debug_line    0x000029db      0x7a4 ./Core/Src/system_stm32f1xx.o
 .debug_line    0x0000317f      0x12a ./Core/Src/timer.o
 .debug_line    0x000032a9      0x746 ./Core/Src/uart_communiation.o
 .debug_line    0x000039ef       0x78 ./Core/Startup/startup_stm32f103c8tx.o
 .debug_line    0x00003a67      0x9d1 ./Drivers/STM32F1xx_HAL_Driver/Src/stm32f1xx_hal.o
 .debug_line    0x00004438     0x104e ./Drivers/STM32F1xx_HAL_Driver/Src/stm32f1xx_hal_adc.o
 .debug_line    0x00005486      0xbbd ./Drivers/STM32F1xx_HAL_Driver/Src/stm32f1xx_hal_cortex.o
 .debug_line    0x00006043      0xe2a ./Drivers/STM32F1xx_HAL_Driver/Src/stm32f1xx_hal_dma.o
 .debug_line    0x00006e6d      0xa6a ./Drivers/STM32F1xx_HAL_Driver/Src/stm32f1xx_hal_gpio.o
 .debug_line    0x000078d7      0xdda ./Drivers/STM32F1xx_HAL_Driver/Src/stm32f1xx_hal_rcc.o
 .debug_line    0x000086b1      0x91b ./Drivers/STM32F1xx_HAL_Driver/Src/stm32f1xx_hal_rcc_ex.o
 .debug_line    0x00008fcc     0x34f6 ./Drivers/STM32F1xx_HAL_Driver/Src/stm32f1xx_hal_tim.o
 .debug_line    0x0000c4c2     0x1920 ./Drivers/STM32F1xx_HAL_Driver/Src/stm32f1xx_hal_tim_ex.o
 .debug_line    0x0000dde2     0x28b0 ./Drivers/STM32F1xx_HAL_Driver/Src/stm32f1xx_hal_uart.o

.debug_str      0x00000000    0x8f0af
 .debug_str     0x00000000    0x87d99 ./Core/Src/command_parser.o
                              0x880bf (size before relaxing)
 .debug_str     0x00087d99       0x51 ./Core/Src/gobal.o
                              0x880e1 (size before relaxing)
 .debug_str     0x00087dea     0x435d ./Core/Src/main.o
                              0x8c560 (size before relaxing)
 .debug_str     0x0008c147      0x395 ./Core/Src/stm32f1xx_hal_msp.o
                              0x88d12 (size before relaxing)
 .debug_str     0x0008c4dc      0x112 ./Core/Src/stm32f1xx_it.o
                              0x88861 (size before relaxing)
 .debug_str     0x0008c5ee       0x7e ./Core/Src/system_stm32f1xx.o
                              0x88107 (size before relaxing)
 .debug_str     0x0008c66c       0x7e ./Core/Src/timer.o
                               0x2e61 (size before relaxing)
 .debug_str     0x0008c6ea       0x20 ./Core/Src/uart_communiation.o
                              0x880c8 (size before relaxing)
 .debug_str     0x0008c70a       0x44 ./Core/Startup/startup_stm32f103c8tx.o
                                 0x71 (size before relaxing)
 .debug_str     0x0008c74e      0x38e ./Drivers/STM32F1xx_HAL_Driver/Src/stm32f1xx_hal.o
                              0x8883a (size before relaxing)
 .debug_str     0x0008cadc      0x380 ./Drivers/STM32F1xx_HAL_Driver/Src/stm32f1xx_hal_adc.o
                              0x887eb (size before relaxing)
 .debug_str     0x0008ce5c      0x294 ./Drivers/STM32F1xx_HAL_Driver/Src/stm32f1xx_hal_cortex.o
                              0x88786 (size before relaxing)
 .debug_str     0x0008d0f0      0x211 ./Drivers/STM32F1xx_HAL_Driver/Src/stm32f1xx_hal_dma.o
                              0x884b0 (size before relaxing)
 .debug_str     0x0008d301      0x2e1 ./Drivers/STM32F1xx_HAL_Driver/Src/stm32f1xx_hal_gpio.o
                              0x8848d (size before relaxing)
 .debug_str     0x0008d5e2      0x229 ./Drivers/STM32F1xx_HAL_Driver/Src/stm32f1xx_hal_rcc.o
                              0x88536 (size before relaxing)
 .debug_str     0x0008d80b       0x84 ./Drivers/STM32F1xx_HAL_Driver/Src/stm32f1xx_hal_rcc_ex.o
                              0x88286 (size before relaxing)
 .debug_str     0x0008d88f      0xdbb ./Drivers/STM32F1xx_HAL_Driver/Src/stm32f1xx_hal_tim.o
                              0x89538 (size before relaxing)
 .debug_str     0x0008e64a      0x493 ./Drivers/STM32F1xx_HAL_Driver/Src/stm32f1xx_hal_tim_ex.o
                              0x88d44 (size before relaxing)
 .debug_str     0x0008eadd      0x5d2 ./Drivers/STM32F1xx_HAL_Driver/Src/stm32f1xx_hal_uart.o
                              0x88ba7 (size before relaxing)

.comment        0x00000000       0x43
 .comment       0x00000000       0x43 ./Core/Src/command_parser.o
                                 0x44 (size before relaxing)
 .comment       0x00000043       0x44 ./Core/Src/gobal.o
 .comment       0x00000043       0x44 ./Core/Src/main.o
 .comment       0x00000043       0x44 ./Core/Src/stm32f1xx_hal_msp.o
 .comment       0x00000043       0x44 ./Core/Src/stm32f1xx_it.o
 .comment       0x00000043       0x44 ./Core/Src/system_stm32f1xx.o
 .comment       0x00000043       0x44 ./Core/Src/timer.o
 .comment       0x00000043       0x44 ./Core/Src/uart_communiation.o
 .comment       0x00000043       0x44 ./Drivers/STM32F1xx_HAL_Driver/Src/stm32f1xx_hal.o
 .comment       0x00000043       0x44 ./Drivers/STM32F1xx_HAL_Driver/Src/stm32f1xx_hal_adc.o
 .comment       0x00000043       0x44 ./Drivers/STM32F1xx_HAL_Driver/Src/stm32f1xx_hal_cortex.o
 .comment       0x00000043       0x44 ./Drivers/STM32F1xx_HAL_Driver/Src/stm32f1xx_hal_dma.o
 .comment       0x00000043       0x44 ./Drivers/STM32F1xx_HAL_Driver/Src/stm32f1xx_hal_gpio.o
 .comment       0x00000043       0x44 ./Drivers/STM32F1xx_HAL_Driver/Src/stm32f1xx_hal_rcc.o
 .comment       0x00000043       0x44 ./Drivers/STM32F1xx_HAL_Driver/Src/stm32f1xx_hal_rcc_ex.o
 .comment       0x00000043       0x44 ./Drivers/STM32F1xx_HAL_Driver/Src/stm32f1xx_hal_tim.o
 .comment       0x00000043       0x44 ./Drivers/STM32F1xx_HAL_Driver/Src/stm32f1xx_hal_tim_ex.o
 .comment       0x00000043       0x44 ./Drivers/STM32F1xx_HAL_Driver/Src/stm32f1xx_hal_uart.o

.debug_frame    0x00000000     0x3810
 .debug_frame   0x00000000       0x30 ./Core/Src/command_parser.o
 .debug_frame   0x00000030      0x138 ./Core/Src/main.o
 .debug_frame   0x00000168      0x110 ./Core/Src/stm32f1xx_hal_msp.o
 .debug_frame   0x00000278      0x13c ./Core/Src/stm32f1xx_it.o
 .debug_frame   0x000003b4       0x58 ./Core/Src/system_stm32f1xx.o
 .debug_frame   0x0000040c      0x100 ./Core/Src/timer.o
 .debug_frame   0x0000050c       0x30 ./Core/Src/uart_communiation.o
 .debug_frame   0x0000053c      0x334 ./Drivers/STM32F1xx_HAL_Driver/Src/stm32f1xx_hal.o
 .debug_frame   0x00000870      0x40c ./Drivers/STM32F1xx_HAL_Driver/Src/stm32f1xx_hal_adc.o
 .debug_frame   0x00000c7c      0x428 ./Drivers/STM32F1xx_HAL_Driver/Src/stm32f1xx_hal_cortex.o
 .debug_frame   0x000010a4      0x208 ./Drivers/STM32F1xx_HAL_Driver/Src/stm32f1xx_hal_dma.o
 .debug_frame   0x000012ac      0x14c ./Drivers/STM32F1xx_HAL_Driver/Src/stm32f1xx_hal_gpio.o
 .debug_frame   0x000013f8      0x218 ./Drivers/STM32F1xx_HAL_Driver/Src/stm32f1xx_hal_rcc.o
 .debug_frame   0x00001610       0x80 ./Drivers/STM32F1xx_HAL_Driver/Src/stm32f1xx_hal_rcc_ex.o
 .debug_frame   0x00001690     0x11b8 ./Drivers/STM32F1xx_HAL_Driver/Src/stm32f1xx_hal_tim.o
 .debug_frame   0x00002848      0x638 ./Drivers/STM32F1xx_HAL_Driver/Src/stm32f1xx_hal_tim_ex.o
 .debug_frame   0x00002e80      0x944 ./Drivers/STM32F1xx_HAL_Driver/Src/stm32f1xx_hal_uart.o
 .debug_frame   0x000037c4       0x20 D:/STM32_Cube/STM32CubeIDE_1.15.1/STM32CubeIDE/plugins/com.st.stm32cube.ide.mcu.externaltools.gnu-tools-for-stm32.12.3.rel1.win32_1.0.100.202403111256/tools/bin/../lib/gcc/arm-none-eabi/12.3.1/../../../../arm-none-eabi/lib/thumb/v7-m/nofp\libc_nano.a(libc_a-memset.o)
 .debug_frame   0x000037e4       0x2c D:/STM32_Cube/STM32CubeIDE_1.15.1/STM32CubeIDE/plugins/com.st.stm32cube.ide.mcu.externaltools.gnu-tools-for-stm32.12.3.rel1.win32_1.0.100.202403111256/tools/bin/../lib/gcc/arm-none-eabi/12.3.1/../../../../arm-none-eabi/lib/thumb/v7-m/nofp\libc_nano.a(libc_a-init.o)

.debug_line_str
                0x00000000       0x55
 .debug_line_str
                0x00000000       0x55 ./Core/Startup/startup_stm32f103c8tx.o
